metawrap classify_bins -b /mnt/scratch/wisnoskilab/dc2484/MBRACE/Sequences/November_2025/shotgun/Metawrap/BINNING/BIN_REFINEMENT/metawrap_50_10_bins -o BIN_CLASSIFICATION -t 100

########################################################################################################################
#####                                   ALIGN CONTIGS TO DATABASE WITH MEGABLAST                                   #####
########################################################################################################################


------------------------------------------------------------------------------------------------------------------------
-----                setting up ouput folder BIN_CLASSIFICATION and merging contigs from all bins...               -----
------------------------------------------------------------------------------------------------------------------------


------------------------------------------------------------------------------------------------------------------------
-----                                 aligning BIN_CLASSIFICATION/all_contigs.fa to                                -----
-----          /mnt/scratch/wisnoskilab/dc2484/reference_databases/Metawrap_databases/NCBI database with           -----
-----                 MEGABLAST. This is the longest step - please be patient. You may look at the                 -----
-----                     classification progress in BIN_CLASSIFICATION/megablast_out.raw.tab                      -----
------------------------------------------------------------------------------------------------------------------------


------------------------------------------------------------------------------------------------------------------------
-----                  removing unnecessary lines that lead to bad tax IDs (without a proper rank)                 -----
------------------------------------------------------------------------------------------------------------------------


------------------------------------------------------------------------------------------------------------------------
-----                                              making mapping file                                             -----
------------------------------------------------------------------------------------------------------------------------


########################################################################################################################
#####                              GET TAXONOMY FROM MEGABLAST OUTPUT WITH TAXATOR-TK                              #####
########################################################################################################################


------------------------------------------------------------------------------------------------------------------------
-----                                   pulling out classifications with taxator                                   -----
------------------------------------------------------------------------------------------------------------------------

/mnt/scratch/wisnoskilab/shared/bioinformatics/miniforge/envs/metawrap-env/bin/metawrap-modules/classify_bins.sh: line 150: taxator: command not found

************************************************************************************************************************
*****                                       Failed to run taxator. Exiting...                                      *****
************************************************************************************************************************


real	428m15.244s
user	27704m21.372s
sys	191m21.675s
